

ÖÄÄÄÄÄÄÄÄÄÄÄÄÄÄÄÄÄÄÄÄÄÄÄÄÄÄÄÄÄÄÄÄÄÄÄÄÄÄÄÄÄÄÄÄÄÄÄÄÄÄÄÄÄÄÄÄÄÄÄÄÄÄÄÄÄÄÄÄÄÄÄÄÄÄÄ·
º By unzipping this file you agree to abide by all copyright laws of the    º
º United States as found in U.S.C.A., and specifically those sections       º
º regarding non-profit library check-out of software. Once your checkout    º
º period is over you must return or destroy this file. If you do not do so  º
º you will be in violation of Federal Law.  If you have any questions       º
º regarding your legal liability please consult U.S.C.A. or your local      º
º attorney.  Making copies or distribution of this file is expressly        º
º forbidden by Federal Law.  You checkout period is 24 hours.  If you can   º
º use this software please purchase it from your local retailer.            º
ÓÄÄÄÄÄÄÄÄÄÄÄÄÄÄÄÄÄÄÄÄÄÄÄÄÄÄÄÄÄÄÄÄÄÄÄÄÄÄÄÄÄÄÄÄÄÄÄÄÄÄÄÄÄÄÄÄÄÄÄÄÄÄÄÄÄÄÄÄÄÄÄÄÄÄÄ½

ÚÄ ù Ä ÄÄÄÄÄÄÄÄÄÄÄÄÄÄÄÄÄÄÄÄÄÄÄÄÄÄÄÄÄÄÄÄÄÄÄÄÄÄÄÄÄÄÄÄÄÄÄÄÄÄÄÄÄÄÄÄÄÄÄÄÄÄÄ Ä ù Ä¿
³                               Lithium!                                    ³
³                         ÄÄÄÄÄÄÄÄÄÄÄÄÄÄÄÄÄÄÄÄÄ                             ³
³                       SysOps: Xavier, Insomniac                           ³
³                    CoSysOps: The Immortal, Overlord                       ³
³                                                                           ³
³                    í FlameNet World Headquarters í                        ³
³úù />rag714 Ohio HQ & Distro Site / />ragNet714 Ohio HQ / O-1O day warez ùú³
³          úù IeC Senior Staff / Courier Board / Distribution ùú            ³
³   úù NO RATIO for LD Callers / 1.2 GiGZ / 2 Nodes Running Oblivion/2 ùú   ³
³                        úù />rag714 / IeC / RiSC ùú                        ³
³                 úù No Lamers / Locals on Invite ONLY! ùú                  ³
³          Node 1: [513] 252ù7176         Node 2: [513] 252ù7232            ³
³                           NuP: All Apologies                              ³
³
                    DON'T CALL IF YOU'RE A FUCKING PIG!
