[2J[H[0;31;42mษออออออออออออออออป[2HบComm-Net  Wishesบ[3HบYou a Very Merryบ[4Hบ   Christmas!   บ[5Hศออออออออออออออออผ[H[Cอ[2Dษ[1D[32;41mษออออออออออออออออป[2;18Hบ[3;18Hบ[4;18Hบ[5;18Hผ[2Dอ[2Dอ[2Dอ[2Dอ[2Dอ[2Dอ[2Dอ[2Dอ[2Dอ[2Dอ[s[40m
[u[41m[2Dอ[2Dอ[2Dอ[2Dอ[2Dอ[2Dอ[2Dศ[4Hบ[3Hบ[2Hบ[1D[CAND...          [B[17D[C   A HAPPY      [B[17D[C      NEW YEAR!![0m
