[40m[2J[0;1m [D [D[2H[6C[34mBuffalo Creek Software [31mis pleased to announce the [34mSECOND ANNUAL[3H[11C[33mÚÄÄÄÄÄÄÄÄÄÄÄÄÄÄÄÄÄÄÄÄÄÄÄÄÄÄÄÄÄÄÄÄÄÄÄÄÄÄÄÄÄÄÄÄÄÄÄÄÄÄÄÄ¿[4H[11C³ [31mÛß[s
[uß ÛßÛ Û ßÛß Ûßß Û ÛßÛ  Ûßß   Ûßß Û Û Ûßß ÛßÛ ÛßÛ [33m³[5H[11C³ [31mßßÛ Ûßß Û  Û  Ûß  Û ÛÜÛÜ Ûß    ßßÛ ßÛß ßßÛ Û Û ÛÜÛ [33m³[6H[11C³ [31mßßß ß   ß  ß  ß   ß ß  ß ßßß   ßßß  ß  ßßß ßßß ß  [s
[u [33m³[7H[11CÀÄÄÄÄÄÄÄÄÄÄÄÄ [34m®®®®®® [31mCONFERENCE [34m¯¯¯¯¯¯ [33mÄÄÄÄÄÄÄÄÄÄÄÄÄÄÙ[8HÚÄÄÄÄÄÄÄÄÄÄÄÄÄÄÄÄÄÄÄÄÄÄÄÄÄÄÄÄÄÄÄÄÄÄÄÄÄÄÄÄÄÄÄÄÄÄÄÄÄÄÄÄÄÄÄÄÄÄÄÄÄÄÄÄÄÄÄÄÄÄÄÄÄÄÄÄ¿[9H³[34mDATE:   [s
[u[31mJune 8-9-10, 1990[51C[33m³[10H³[38C[34mReservations may be made by mailing   [33m³[11H³[34mPLACE:  [31mPark Inn International Hotel  [34mthe registration card found in the    [s
[u[33m³[12H³[8C[31m1050 Sixth Avenue[13C[34mMARCH issue of the SPITFIRE Newsletter[33m³[13H³[8C[31mDes Moines, Iowa  50314[7C[34mor by calling the Park Inn.[11C[33m³[14H³[8C[31m(5[s
[u15) 283-0151[54C[33m³[15HÀÄÄÄÄÄÄÄÄÄÄÄÄÄÄÄÄÄÄÄÄÄÄÄÄÄÄÄÄÄÄÄÄÄÄÄÄÄÄÄÄÄÄÄÄÄÄÄÄÄÄÄÄÄÄÄÄÄÄÄÄÄÄÄÄÄÄÄÄÄÄÄÄÄÄÄÄÙ[16H[6C[31m³[33mRoom Rates:    [31mSingle[5C2/Persons    3/Persons[6C4/Persons³
[17H[6C³[34mDouble/Double  [33m$46.00[6C$52.00[7C$68.00[9C$74.00  [31m³[18H[6C³[34mKing[11C[33m$46.00[6C$52.00[7C$68.00[9C$74.00  [31m³[19H[6CÀÄÄÄÄÄÄÄÄÄÄÄÄÄÄÄÄÄÄÄÄÄÄÄÄÄÄÄÄÄÄÄÄÄÄÄ[s
[uÄÄÄÄÄÄÄÄÄÄÄÄÄÄÄÄÄÄÄÄÄÄÄÄÄÄÄÄÙ[20HSince all reservation requests are mailed directly to the Park Inn, it is[21Hrequested that you also notify Buffalo Creek Software of your plan to attend.[22H[A
[74C[37m [D [D[0m
