-- TELEGARD Bulletin Board Software v3.00 -- 
(** 2.99 GAMMA-1 PUBLIC BETA PRE-RELEASE **) 
JAM/Squish message bases and powerful file 
section w/file tagging (max. 32,000 areas), 
mulitnode support, multiple language support 
w/full text & keys config (unlimited length,
255 colours, 100+ MCI codes), RIP support, 
powerful menu system w/unlimited depth and
movement, script language, +doors and more! 
Released: Sept 13, 1995 // Expires: 45 days
