                                   зддд©
                 здддддддддддддддддадддадддддддддддддддддд©
       зддддддддды   Welcome! Y'all just crossed THE      юддддддддддд©
       Ё  э э эээ эээ эээ эээ эээ ээээ   эээ эээ э э ээ   э эээ э   э Ё
       Ё  ш ш ш ш   ш   ш ш ш ш ш  ш  ш  ш ш ш ш ш ш ш ш  ш  ш  ш   ш Ё
       Ё  шъш шъш эъ  эъ  шъш шъэ  ш  ш  ш   ш ш ш ш ш  ш ш  ш  ъъшъъ Ё
       Ё  ш ш ш ш шээ шээ ш ш ш ш эшээъ  шэш шэш шэш ш   ъш  ш    ш   Ё
       Ё                                                              Ё
       юддддддддддддд©              LINE              зддддддддддддддды
                     юдддддддддддддбддддбддддддддддддды
                 здддддддддддддддддаддддаддддддддддддддддд©
                 ЁMayor.........................Major MikeЁ
                 ЁJustice of the Peace...Bobby the RedneckЁ
                 ЁSheriff................Roscoe P ColtrainЁ
                 ЁTax Collector..................Boss HoggЁ
                 юдддддддддддддддддбддддбддддддддддддддддды
                                   Ё    Ё
