[40m[2J[4C[0;33m ь [2;5H л[1;37;44m               [31;40mлллллллллллллллллВА                [3;5H[0;33m л[1;37;44m * * * * * * * [40mлллллллллллллллллВА[31mлллллллллллллллллллВА[4;5H[0;33m л[1;37;44m  * * * * * *  [31;40mллллллллллллллл[s
[uллВА[37mлллллллллллллллллллВА[31mлллллллллллВА[5;5H[0;33m л[1;37;44m * * * * * * * [40mлллллллллллллллллВА[31mлллллллллллллллллллВА[37mлллллллллллВА[6;5H[0;33m л[1;37;44m  * * * * * *  [31;40mлллллллллллллллллВА[37mлллллллллллллллллллВА[s
[u[31mлллллллллллВА[7;5H[0;33m л[1;37;44m * * * * * * * [40mлллллллллллллллллВА[31mлллллллллллллллллллВА[37mлллллллллллВА[8;5H[0;33m л[1;37;44m               [31;40mлллллллллллллллллВА[37mлллллллллллллллллллВА[31mлллллллллллВА[9;5H[s
[u[0;33m л[1;37mллллллллллллллллллллллллллллллллВА[31mлллллллллллллллллллВА[37mлллллллллллВА[10;5H[0;33m л[1;31mллллллллллллллллллллллллллллллллВА[37mлллллллллллллллллллВА[31mлллллллллллВА[11;5H[0;33m л[1;37mллллллллллллллллллллллллллллллл[s
[uлВА[31mлллллллллллллллллллВА[37mлллллллллллВА[12;5H[0;33m л[1;31mллллллллллллллллллллллллллллллллВА[37mлллллллллллллллллллВА[31mлллллллллллВА[13;5H[0;33m л[5C[1;31m                                    [14;5H[0;33m л[22C[1;34mWORD PROCE[s
[uSSING MENU  [15;5H[0;33m л[22C[1;34m                        [16;5H[0;33m л[19C[37m                        [17;5H[33m л[22C[37m                      [18;5H[33m л[23C[37m                     [19;5H[33m л[20;5H л[21H[1;32m     [s
[u[0;33mл[1;32m      [0m      [1;32m [0m      [1;31mГ[32m [31mГ[32m                                                  [22H     [0;33mл[1;32m [0m       [1;32m   [0m     [1;32m [31mллллллл[32m                                            [s
[u    [23H,,,,,[0;33mл[1;32m,,,,,,,,,,,,,,,,,[31mллллллл[32m,,,,,,,,,,,,,,,,,,,,,,,,,,,,,,,,,,,,,,,,,,,,,,,,,,[1A[1A[C[C[C[C[C[C[C[C[C[C[C[C[C[C[C[C[C[C[C[C[C[C[C[C[1A[C[C[37m,[1D [1A[1D,[1D [1A[1D,[1D [1A,[s
[u[1D [1A,[1D [1A,[1D[[B[B[B[B[B[1D[1D[1D[1D,[1D [1A,[1D [1A,[1D [1A,[1D [1A,[1D,[1D [1A[1D,[1D1[B[B[B[B[B[1D[1D[1D[1D[1D,[1D [1A,[1D [1A,[1D [1A,[1D [1A,[1D [1A,[1D][B[B[B[B[B[1D[1D[1D[1D[1D[s
[u[1D,[1D [1A,[1D [1A,[1D [1A,[1D [1A,[1D ,[1D [1A,[1D W[B[B[B[B[B[1D[1D[1D[1D[1D[1D[1D[1D,[1A[1D[B [1A,[1D [1A,[1D [1A,[1D [1A,[1D ,[1D ,[1D ,[1D ,[1DO[1D [1A[1DO[B[B[B[B[B[1D[1D[1D[1D[1D[1D[1D[s
[u[1D[1D,[1D [1A,[1D [1A,[1D [1A,[1D [1A,[1D ,[1D ,[1D ,[1D ,[1D R[1D [1A[1DR[B[B[B[B[1D[1D[1D[1D[1D[1D[1D[1D[1D[1D[B,[1D [1A,[1D [1A,[1D [1A,[1D [1A,[1D ,[1D ,[1D ,[1D ,[1D ,[1D D[1D [1A[1DD[B[B[B[s
[u[B[1D[1D[1D[1D[1D[1D[1D[1D[1D[1D[1D[B,[1D [1A,[1D [1A,[1D [1A,[1D [1A,[1D ,[1D ,[1D ,[1D ,[1D ,[1D ,[1D ,[1D 5[1D [1A[1D5[B[B[B[B[1D[1D[1D[1D[1D[1D[1D[1D[1D[1D[1D[1D[1D[B,[1D [1A,[1D [1A,[1D [s
[u[1A,[1D [1A,[1D ,[1D [1D,[1D ,[1D ,[1D ,[1D ,[1D ,[1D ,[1D ,[1D .[1D [1A[1D.[B[B[B[B[B[1D[1D[1D[1D[1D[1D[1D[1D[1D[1D[1D[1D[1D[1D,[1D [1A,[1D [1A,[1D [1A,[1D [1A,[1D ,[1D ,[1D ,[1D ,[1D ,[1D ,[1D ,[s
[u[1D ,[1D ,[1D 0[1D [1A[1D0[1D[1D[1D[1D[1D[1D[1D[1D[1D[1D[1D[1D[1D[B[B[B[B[1D[1D[B,[1D [1A[1D,[1D [1A,[1D [1A,[1D [1A,[1D[[B[B[B[B[1D[1D[1D[1D,[1D [1A,[1D [1A,[1D [1A,[1D [1A2[B[B[B[B[1D[1D[s
[u[1D[1D[1D,[1D [1A,[1D [1A,[1D [1A,[1D ,[1D [1A,[1D][B[B[B[B[1D[1D[1D[1D[1D[1D,[1D [1A,[1D [1A,[1D [1A,[1D ,[1D ,[1D ,[1D ,[1DW[1D [1A[1DW[B[B[B[1D[1D[1D[1D[1D[1D[1D[1D[B,[1D [1A,[1D [1A,[1D [1A,[s
[u[1D ,[1D ,[1D ,[1D ,[1D O[1D [1A[1DO[B[B[B[1D[1D[1D[1D[1D[1D[1D[1D[B[1D,[1D [1A,[1D [1A,[1D [1A,[1D ,[1D ,[1D ,[1D ,[1D ,[1D R[1D [1A[1DR[B[B[B[1D[1D[1D[1D[1D[1D[1D[1D[1D[1D[B,[1D [1A,[1D [1A,[s
[u[1D [1A,[1D ,[1D ,[1D ,[1D ,[1D ,[1D [1D,[1D ,[1D D[1D [1A[1DD[B[B[B[B[1D[1D[1D[1D[1D[1D[1D[1D[1D[1D[1D,[1D [1A,[1D [1A,[1D [1A,[1D ,[1D ,[1D ,[1D ,[1D ,[1D ,[1D ,[1D ,[1D S[1D [1A[1DS[1D [1D[1DS[B[s
[u[B[B[B[1D[1D[1D[1D[1D[1D[1D[1D[1D[1D[1D[1D,[1D [1A,[1D [1A,[1D [1A,[1D ,[1D ,[1D ,[1D ,[1D ,[1D ,[1D ,[1D ,[1D T[1D [1A[1DT[B[B[B[1D[1D[1D[1D[1D[1D[1D[1D[1D[1D[1D[1D[1D[B,[1D [1A,[1D [1A,[1D ,[s
[u[1D [1A,[1D ,[1D ,[1D ,[1D ,[1D ,[1D ,[1D ,[1D ,[1D,[1D A[1D [1A[1DA[B[B[B[B[1D[1D[1D[1D[1D[1D[1D[1D[1D[1D[1D[1D[1D[1D,[1D [1A,[1D [1A,[1D [1A,[1D ,[1D ,[1D ,[1D ,[1D ,[1D ,[1D [1A[B,[1D ,[1D ,[1D ,[s
[u[1D ,[1D R[1D [1A[1DR[1D [1D[1DR[B[B[B[1D[1D[1D[1D[1D[1D[1D[1D[1D[1D[1D[1D[1D[1D[1D[B,[1D [1A,[1D [1A,[1D [1A,[1D[[B[B[B[1D[1D[1D[1D,[1D [1A,[1D [1A,[1D ,[1D ,[1D3[1D [1A[1D3[B[B[1D[1D[1D[1D[s
[u[1D[B,[1D [1A,[1D ,[1D [1A,[1D ,[1D ][1D [1A[1D][B[B[1D[1D[1D[1D[1D[1D[B,[1D [1A,[1D [1A,[1D ,[1D ,[1D ,[1D ,[1D W[1D [1A[1DW[B[B[B[1D[1D[1D[1D[1D[1D[1D[1D,[1D [1A,[1D [1A,[1D , [1D[1D ,[1D ,[1D ,[s
[u[1D ,[1D O[1D [1A[1DO[1D[B[B[B[1D[1D[1D[1D[1D[1D[1D[1D,[1D [1A,[1D [1A,[1D ,[1D ,[1D ,[1D [1A[B,[1D ,[1D ,[1D R[1D [1A[1DR[B[B[1D[1D[1D[1D[1D[1D[B[1D[1D[1D[1D,[1D [1A,[1D [1A,[1D ,[1D ,[1D ,[1D ,[s
[u[1D ,[1D ,[1D ,[1D D[1D [1A[1DD[B[B[1D[1D[1D[B[1D[1D[1D[1D[1D[1D[1D[1D,[1D [1A,[1D [1A,[1D ,[1D ,[1D ,[1D ,[1D [1D[C,[1D ,[1D ,[1D ,[1D P[1A[B[1D [1A[1DP[B[B[1D[1D[1D[1D[1D[1D[1D[1D[1D[1D[1D[1D[s
[u[B,[1D [1A,[1D [1A,[1D ,[1D ,[1D ,[1D ,[1D ,[1D ,[1D ,[1D ,[1D ,[1D E[1D [1A[1DE[B[B[1D[1D[1D[1D[1D[1D[1D[1D[1D[1D[1D[1D[B[1D,[1A[B[1D [1A,[1D [1A,[1D ,[1D , [1D[1D,[1D ,[1D ,[1D ,[1D ,[1D ,[1D ,[1D[s
[u ,[1D ,[1D R[1D [1A[1DR[B[B[B[1D[1D[1D[1D[1D[1D[1D[1D[1D[1D[1D[1D[1D[1D,[1D [1A,[1D [1A,[1D ,[1D ,[1D ,[1D ,[1D ,[1D,[1D ,[1D ,[1D [1D[C,[1D ,[1D ,[1D,[1D ,[1D F[1D [1A[1DF[B[B[1D[1D[1D[1D[1D[1D[s
[u[1D[1D[1D[1D[1D[1D[1D[1D[1D[B,[1D [1A,[1D [1A,[1D ,[1D ,[1D ,[1D ,[1D ,[1D ,[1D ,[1D ,[1D [1D[C,[1D ,[1D ,[1D ,[1D E[1D [1AE[1D [1D[1DE[B[B[1D[1D[1D[1D[1D[1D[1D[1D[B[1D[1D[1D[1D[1D[1D[1D[1D,[1D [s
[u[1A,[1D [1A,[1D ,[1D ,[1D ,[1D ,[1D ,[1D ,[1D [1D[C,[1D ,[1D ,[1D ,[1D ,[1D ,[1D ,[1D C[1D [1AC[1D [1D[1DC[B[B[B[1D[1D[1D[1D[1D[1D[1D[1D[1D[1D[1D[1D[1D[1D[1D[1D[1D,[1D [1A,[1D [1A,[1D ,[1D ,[1D ,[s
[u[1D ,[1D ,[1D ,[1D ,[1D ,[1D ,[1D ,[1D ,[1D ,[1D ,[1D [1D,[1D ,[1D T[1D [1A[1DT[B[B[B[1D[1D[1D[1D[1D[1D[1D[1D[1D[1D[1D[1D[1D[1D[1D[1D[1D[1D,[1D [1A,[1D [1A,[1D [[B[B[1D[1D[1D[1D,[1D [1A,[1D ,[1D ,[s
[u[1D 4[1D [1A[1D4[B[B[1D[1D[1D[1D[1D,[1D [1A,[1D ,[1D ,[1D ,[1D ][1D [1A[1D][B[B[1D[1D[1D[1D[1D[1D,[1D [1A,[1D ,[1D ,[1D ,[1D ,[1D ,[1D E[1D [1A[1DE[B[B[1D[1D[1D[1D[1D[1D[1D[1D,[1D [1A,[1D ,[1D ,[s
[u[1D ,[1D ,[1D ,[1D ,[1D X[1D [1A[1DX[B[B[1D[1D[1D[1D[1D[1D[1D[1D[1D,[1D [1A,[1D ,[1D ,[1D ,[1D ,[1D ,[1D,[1D ,[1D ,[1D I[1D [1A[1DI[B[B[1D[1D[1D[1D[1D[1D[1D[1D[1D[1D,[1D [1A,[1D ,[1D ,[1D ,[1D  ,[s
[u[1D ,[1D ,[1D ,[1D T[1D [1A[1DT[B[B[1D[1D[1D[1D[1D[1D[1D[1D[1D[1D[1D,[1D [1A,[1D ,[1D ,[1D [1D[C,[1D ,[1D ,[1D ,[1D ,[1D ,[1D,[1D ,[1D ,[1D T[1D [1A[1DT[B[B[1D[1D[1D[1D[1D[1D[1D[1D[1D[1D[1D[1D[1D[s
[u,[1D [1A,[1D ,[1D ,[1D ,[1D ,[1D ,[1D [1D[C,[1D ,[1D ,[1D,[1D ,[1D ,[1D ,[1D O[1D [1A[1DO[B[B[1D[1D[1D[1D[1D[1D[1D[1D[1D[1D[1D[1D[1D[1D,[1D [1A,[1D ,[1D ,[1D ,[1D ,[1D ,[1D ,[1D ,[1D ,[1D ,[1D ,[1D ,[s
[u[1D ,[1D ,[1D M[1D [1A[1DM[B[B[1D[1D[1D[1D[1D[1D[1D[1D[1D[1D[1D[1D[1D[1D[1D[1D,[1D [1A,[1D ,[1D ,[1D ,[1D ,[1D ,[1D ,[1D ,[1D ,[1D ,[1D ,[1D , [1D[1D ,[1D ,[1D ,[1D A[1D [1A[1DA[B[B[B[1D[1D[1D[1D[s
[u[1D[1D[1D[1D[1D[1D[1D[1D[1A[1D[1D[1D[1D[1D,[1D [1A,[1D ,[1D ,[1D ,[1D ,[1D ,[1D ,[1D ,[1D ,[1D ,[1D ,[1D ,[1D ,[1D ,[1D ,[1D ,[1D I[1D [1A[1DI[B[B[1D[1D[1D[1D[1D[1D[1D[1D[1D[1D[1D[1D[1D[1D[1D[1D[s
[u[1D[1D,[1D [1A,[1D ,[1D ,[1D ,[1D ,[1D ,[1D ,[1D ,[1D ,[1D [1D[C,[1D ,[1D ,[1D ,[1D ,[1D ,[1D ,[1D ,[1D N[1D [1A[1DN[B[B[B[1D[1D[1D[1D[1D[1A[1D[1D[1D[1D[1D[1D[1D[1D[1D[1D[1D[1D[1D[1D,[1D [1A,[1D ,[s
[u[1D ,[1D ,[1D ,[1D ,[1D ,[1D ,[1D ,[1D ,[1D ,[1D ,[1D ,[1D ,[1D ,[1D ,[1D ,[1D ,[1D ,[1D M[1D [1AM[1D [1D[1DM[B[B[1D[1D[1D[1D[1D[1D[1D[1D[1D[1D[1D[1D[1D[1D[1D[1D[1D[1D[1D[1D[1D,[1D [1A,[1D ,[1D ,[1D[s
[u ,[1D ,[1D ,[1D ,[1D ,[1D,[1D ,[1D ,[1D ,[1D ,[1D ,[1D ,[1D ,[1D ,[1D ,[1D ,[1D ,[1D , [1D[1D E[1D [1A[1DE[B[B[1D[1D[1D[1D[1D[1D[1D[1D[1D[1D[1D[1D[1D[1D[1D[1D[1D[1D[1D[1D[1D[1D,[1D [1A,[1D  [1D,[1D [s
[u,[1D ,[1D ,[1D ,[1D ,[1D ,[1D ,[1D ,[1D ,[1D ,[1D ,[1D ,[1D ,[1D ,[1D ,[1D ,[1D ,[1D ,[1D ,[1D N[1D [1A[1DN[B[B[1D[1D[1D[1D[1D[1D[1D[1D[1D[1D[1D[1D[1D[1D[1D[1D[1D[1D[1D[1D[1D[1D[1D,[1D [1A,[1D ,[1D [s
[u,[1D ,[1D ,[1D ,[1D ,[1D ,[1D ,[1D ,[1D,[1D ,[1D ,[1D ,[1D ,[1D ,[1D ,[1D,[1D ,[1D ,[1D ,[1D ,[1D ,[1D ,[1D U[1D [1A[1DU[B[B[1D[1D[1D[1D[1D[1D[1D[1D[1D[1D[1D[1D[1D[1D[1D[1D[1D[1D[1D[1D[1D[1D[1D[1D[s
[u[B[B[C[C[C[C[1D[1D[1D[1D[1D[1D[1D[1D[32m,,,,,,,,,,[1D[1D[1D[1D[1D[1D[1D[1D[1D[1D[1A        [1D[1D[1D[1D[1D[1D[1A    [B[B[1D[1D[1D[1D[1D[1D[1D[1D[1D[1D[1D[1D[1D[1D[1D[1D[1D[1D[1D[1D[1D[1D[1D[A
[5C[1D[1D[1D[1D[1D[0m
