[2J
[30;41mษอออออออออออออออออออออออป[00m        [45mษออออออออออออออออออออป[00m
[30;41mบ    DISPLAY TOGGLES    บ[00m        [45mบ      [37;01mUTILITIES[00;45m     บ[00m
[30;41mฬอออออออออออออออออออออออน[00m        [45mศออออออออออออออออออออผ[00m
[30;41mบ [37;01mG[00;30;41m)raphics             บ[00m
[30;41mบ [37;01mL[00;30;41m)ine feeds     [42mษอออออออออออออออออออออป[00m
[30;41mบ [37;01mM[00;30;41m)essage margin [42mบ SESSION PARAMETERS  บ[00m
[30;41mบ [37;01mN[00;30;41m)ulls          [42mฬอออออออออออออออออออออน[00m
[30;41mศอออออออออออออออออ[42mบ  [37;01mB[00;30;42m)aud rate         บ[00m
                  [30;42mบ  [37;01mP[00;30;42m)ass word      [30;46mษอออออออออออออออออออป[00m
                  [30;42mบ  [37;01m![00;30;42m)Prompt sound  [30;46mบ    INFORMATION    บ[00m
                  [30;42mศออออออออออออออออออ[30;46mฬอออออออออออออออออออน[00m
                                     [30;46mบ  [37;01mH[00;30;46m)elp            บ[00m
                                     [30;46mบ  [37;01mS[00;30;46m)tatistics  [30;43mษออออออออออออออออออออป[00;40m
                                     [30;46mบ  [37;01mT[00;30;46m)ime        [30;43mบ      ELSEWHERE     บ[00;40m
                                     [30;46mบ  [37;01mU[00;30;46m)serlog     [30;43mฬออออออออออออออออออออน[00;40m
                                     [30;46mศอออออออออออออออ[30;43mบ [37;01mQ[00;30;43m)uit to main menu บ[00;40m
                                                     [30;43mศออออออออออออออออออออผ[00;40m
[O3T220L8CDEFP4O0L4FP8FP8O3L8DEF#GP4O1L4GP8GP8O3L8DEF#GP4DEF#GP4CDEFP4O1L4FP8FP8P4
[T187O3L8CF.AF.DO2B-.O3GP4FE.GE.CO2A.O3FP4CF.AF.DO2B-.O3GP4FL64EFL8E.CD.EFP4
[O3T220L8CDEFP4O0L4FP8FP8O3L8DEF#GP4O1L4GP8GP8O3L8DEF#GP4DEF#GP4CDEFP4O1L4FP8FP8
[P4T187O3L8CF.AF.DO2B-.O3GP4FE.GE.CO2A.O3FP4CF.AF.DO2B-.O3GP4FL64EFL8E.CD.EFP4
[00m

