[2J[2;17H[0;1;37;40mÉÍÍÍÍÍÍÍÍÍÍÍÍÍÍÍÍÍÍÍÍÍÍÍÍÍ»[3;17Hº[2CÚÄÄÄÄÄÄÄÄÄÄÄÄÄÄ[s
[uÄÄÄÄÄ¿[2Cº[4;17Hº[2C³[19C³[2Cº[5;17Hº[2C³[19C³[2Cº[6;17Hº[2C³[s
[u[19C³[2Cº[7;17Hº[2C³[19C³[2Cº[8;17Hº[2C³[19C³[2Cº[9;17Hº[2CÀÄÄ[s
[uÄÄÄÄÄÄÄÄÄÄÄÄÄÄÄÄÄÙ[2Cº[10;17Hº[2C°°°°°°°[6Co[3Cßßßß[2Cº[11;17HÈÍÍÍÍ[s
[uÍÍÍÍÍÍÍÍÍÍÍÍÍÍÍÍÍÍÍÍÍ¼[6CÚÄÄÄÄÄÄÄÄÄÄÄÄÄÄÄ¿[12;22Hßßßßßßßßßßßßßßßßß[11C³[s
[u[15C³[13;22Hßßßßßßßßßßßßßßßßß[11CÀÄÄÄÄÄÄÄÄÄÄÄÄÄÄÄÙ[14;9HÚÄÄÄÄÄÄÄÄÄÄÄÄÄ[s
[uÄÄÄÄÄÄÄÄÄÄÄÄÄÄÄÄÄÄÄÄÄÄÄÄÄÄÄÄÄÄÄÄÄÄÄÄÄÄÄÄÄÄÄÄÄÄ¿[15;9H³[2CIBM[18CÚÄÄÄÄÄÄ[s
[uÄÄÄÄÄÄÄÄ¿[CÚÄÄÄÄÄÄÄÄÄÄÄÄÄÄ¿[3C³[16;9H³[2CPersonal[CComputer[4CÆÍÍÍÍÍ[s
[uÛÛÛÛÍÍÍÍÍµ[C³[14C³[3C³[17;9H³[CÚÄÂÄÂÄÂÄÂÄÂÄÂÄÂÄ¿[5CÃÄÄÄÄÄÄÄÄÄÄÄÄÄÄ´[s
[u[C³[14C³[3C³[18;9H³[C³[C³[C³[C³[C³[C³[C³[C³[C³[5CÆÍÍÍÍÍÛÛÛÛÍ[s
[uÍÍÍÍµ[C³ðð[2Cðððððððððð³[3C³[19;9H³[CÀÄÁÄÁÄÁÄÁÄÁÄÁÄÁÄÙ[5CÀÄÄÄÄÄÄÄÄÄÄ[s
[uÄÄÄÄÙ[CÀÄÄÄÄÄÄÄÄÄÄÄÄÄÄÙ[3C³[20;9HÀÄÄÄÄÄÄÄÄÄÄÄÄÄÄÄÄÄÄÄÄÄÄÄÄÄÄÄÄÄÄÄÄÄÄÄÄÄ[s
[uÄÄÄÄÄÄÄÄÄÄÄÄÄÄÄÄÄÄÄÄÄÄÙ[22;39H[1A[1A[1A[1A[1A[1A[1A[1A[1A[1A[s
[u[1A[1A[1A[1A[1A[1A[1A[1A[1D[1D[1D[1D[1D[1D[1D[1D[1D[1D[s
[u[1D[1D[1D[1D[1D[1D[1D[1D[33;44m°°°°°°°°°°°°°°°°°°°[B[1D°[s[40m
[u[44m[1D[1D[1D[1D[1D[1D[1D[1D[1D[1D[1D[1D[1D[1D[1D[1D[s[40m
[u[44m[1D[1D[1D[1D[C°°°°°°°°°°°°°°°°°°[B[1D[1D[1D[1D[1D[1D[s[40m
[u[44m[1D[1D[1D[1D[1D[1D[1D[1D[1D[1D[1D[1D°°°°°°°°°°°°°°°°[s[40m
[u[44m°°°[B[1D[1D[1D[1D[1D[1D[1D[1D[1D[1D[1D[1D[1D[1D[s[40m
[u[44m[1D[1D[1D[1D[1D°°°°°°°°°°°°°°°°°°°[B[1D[1D[1D[1D[1D[s[40m
[u[44m[1D[1D[1D[1D[1D[1D[1D[1D[1D[1D[1D[1D[1D[1D°°°°°°°°[s[40m
[u[44m°°°°°°°°°°°[B[B[B[B[B[C[C[C[C[C[C[C[C[C[C[C[C[s[40m
[u[44m[C[B[B[B[B[B[31;40mO[1A[1A[1A[1A[1A[1AO O O O O[B[B[B[s
[u[B[B[1D[1D[1D[1D[1D[1D[1D[1D[1D[1D[B [1A[1A[1A[1A[1A[1A[s
[u[C[C [C[C[C [1D[1D[1D[1D[1D[1D[1D[1D[1D[1D[1D[1D[1D[1D[s
[u[1D[1D[1D[1D[1D[1A[1A[1A[1A[1A[1D[1D[1D[1D[1D[1D[1D[1D[s
[u[1D[1D[1D[1D[1D[1D[1D[1D[1A[1A[1A[47mWelcome to[B[1D[s[40m
[u[47m[1D[1D[1D[1D[1D[1D[1D[1D[1D[1D[1DTemple Collie[B[B[s[40m
[u[47m[B[B[B[B[C[C[C[C[C[C[C[C[C[C[C[C[C[C[C[C[C[s[40m
[u[47m[C[C[C[B[C[40m  O[B[B[B[B[B[B[1D[1D[1D[1D[1D[1D[1D[s
[u[1DO[1A[1A[1A[1A[1A[1A[C[C[CO[C[C [B[B[B[B[B[B[1D[1D[s
[u[1D[1D[1D[1D[1D[1D [1A[1A[1A[1A[1A[1A[C[C[C  O[B[B[B[B[s
[u[B[B[1D[1D[1D[1D[1D[1D[1DO[1A[1D[1D[1D[1A[1A[C[C[C[C[C[s
[u[C[C[C[C[C[C[C[C[C[B[B[B[B[1D[1D[1D[1D[1D[1D[1D[1D[s
[u[1D[1D[1D[1D[1D[1D[1D[1A[1A[1A[1A[C[C[C[B[B[B [B[1D[1D[s
[u[1D[1D[1A[1A[1A[1A[1A[1A[1A[1A[1A[1D[1D[1D[1A[1A[1A[1A[s
[u[1D[1D[1D[1D[1D[1D[1D[1D[1D[1D[1D[1D[1D[1D[1D[1D[1D[1D[s
[u[1D[1D[1D[1D[1D[1A[1A [1D [1D[33;44m°°°°°°°°°°°°[B[1D[1D[s[40m
[u[44m[1D[1D[1D[1D[1D[1D[1D[1D[1D[1D°°°°°°°°°°°°°[B[1D[1D[s[40m
[u[44m[1D[1D[1D[1D[1D[1D[1D[1D[1D[1D[1D[1D[1A[1A[1D[1D[s[40m
[u[0;30;47m                   [B[1D[1D[1D[1D[1D[1D[1D[1D[1D[s[40m
[u[47m[1D[1D[1D[1D[1D[1D[1D[1D[1D[1D                   [B[s[40m
[u[47m[1D[1D[1D[1D[1D[1D[1D[1D[1D[1D[1D[1D[1D[1D[1D[1D[s[40m
[u[47m[1D[1D[1D                   [B[1D[1D[1D[1D[1D[1D[1D[s[40m
[u[47m[1D[1D[1D[1D[1D[1D[1D[1D[1D[1D[1D[1D                [s[40m
[u[47m   [B[1D[1D[1D[1D[1D[1D[1D[1D[1D[1D[1D[1D[1D[1D[s[40m
[u[47m[1D[1D[1D[1D[1D                   [C[C[C[C[C[C[C[C[s[40m
[u[47m[B[B[B[B[B[B[C[C[C[C[C[B[B[B[B[1;31;40mO[1D [1DO[s
[u[1DO[1D [1A[1A[1A[1A[1A[1A[C[C[C [1D[1DO[C[C [1D[1D[1D[s
[u[1D  O[1D[1D[1DO  [1D[1D[1D  O[B[B[B[B[B[B[1D[1D[1D[1D[s
[u[1DO[1D [1D[1DO[C[1D[1D [B[1D[1D[1D[1D[1D[1A[1A[1A[1A[1A[s
[u[1A[1A[1A[1A[1A[1A[1A[1A[1A[1A[1A[1A[1A[1D[1D[1D[1D[1D[s
[u[1D[1D[1D[1D[1D[1D[1D[1D[1D[1D[1D[1D[1D[1D[1D[C[C[1D[1D[s
[u[1D[1D[1D[1D[1D[1D[1D[1D[1D[1D[1D[1D[B[B[B[C[C[C[C[B[s
[u[B[1A[1A[32m                   [B[1D[1D[1D[1D[1D[1D[1D[1D[1D[s
[u[1D[1D[1D[1D[1D[1D[1D[1D[1D[B[1D                   [B[1D[B[s
[u[1D[1D[1D[1D[1D[1D[1D[1D[1D[1D[1D[1D[1D[1D[1D[1D[1D[1D  [s
[u                 [1A[1A[1D[1D[1D[1D[1D[1D[1D[1D[1D[1D[1D[1D[s
[u[1D[1D[1D[1D[1DW E L C O M E ![B[B[B[B[B[B[C[C[C[C[C[C[C[s
[u[C[C[C[C[C[C[C[1D[1D[C[C[C[C[C[C[31mO  [B[B[B[B[B[B[s
[u[1D[1D[1D[1D[1D[1DO[C[C[C[C[C[C[C[C[C[C[1D[1D[1D[1D[s
[u[1D[1D[1D[1D[1D[C[C[C[C[C[C[C[C[C[1D[1D[1D[1D[1D[1D[s
[u[1D[1D[1D[1D[1D [1A[1A[1A[1A[1A[1A[C[C   O[B[B[B[B[B[B[s
[u[B[B[B[59D[0m
